<html>
<body>
<pre>
<h1>µVision Build Log</h1>
<h2>Tool Versions:</h2>
IDE-Version: ¦ÌVision V5.41.0.0
Copyright (C) 2024 ARM Ltd and ARM Germany GmbH. All rights reserved.
License Information: 1 liqian, 1, LIC=47GU5-GEAU5-X74RZ-J2Y9K-GI9FI-9W55X
 
Tool Versions:
Toolchain:       MDK-ARM Plus  Version: 5.41.0.0
Toolchain Path:  D:\Keil_v5\ARM\ARMCC\Bin
C Compiler:      Armcc.exe V5.06 update 7 (build 960)
Assembler:       Armasm.exe V5.06 update 7 (build 960)
Linker/Locator:  ArmLink.exe V5.06 update 7 (build 960)
Library Manager: ArmAr.exe V5.06 update 7 (build 960)
Hex Converter:   FromElf.exe V5.06 update 7 (build 960)
CPU DLL:         SARMCM3.DLL V5.41.0.0
Dialog DLL:      DCM.DLL V1.17.5.0
Target DLL:      Segger\JL2CM3.dll V2.99.45.0
Dialog DLL:      TCM.DLL V1.56.4.0
 
<h2>Project:</h2>
D:\opencv1-master\gundong\PROJECT\OLED.uvprojx
Project File Date:  12/13/2024

<h2>Output:</h2>
*** Using Compiler 'V5.06 update 7 (build 960)', folder: 'D:\Keil_v5\ARM\ARMCC\Bin'
Rebuild target 'QD-OLED'
compiling test.c...
compiling oled.c...
assembling startup_stm32f10x_hd.s...
compiling misc.c...
compiling system_stm32f10x.c...
compiling stm32f10x_it.c...
compiling gui.c...
compiling stm32f10x_spi.c...
compiling spi.c...
compiling main.c...
compiling stm32f10x_gpio.c...
compiling sys.c...
compiling delay.c...
compiling stm32f10x_rcc.c...
compiling core_cm3.c...
linking...
Program Size: Code=9684 RO-data=4656 RW-data=3340 ZI-data=2884  
FromELF: creating hex file...
"..\OBJ\TEST_OLED.axf" - 0 Error(s), 0 Warning(s).

<h2>Software Packages used:</h2>

Package Vendor: ARM
                https://www.keil.com/pack/ARM.CMSIS.6.1.0.pack
                ARM::CMSIS@6.1.0
                CMSIS (Common Microcontroller Software Interface Standard)
   * Component: CORE Version: 6.1.0

Package Vendor: Keil
                https://www.keil.com/pack/Keil.STM32F1xx_DFP.2.4.1.pack
                Keil::STM32F1xx_DFP@2.4.1
                STMicroelectronics STM32F1 Series Device Support, Drivers and Examples

<h2>Collection of Component include folders:</h2>
  ./RTE/_QD-OLED
  D:/Keil_v5/ARM/Packs/ARM/CMSIS/6.1.0/CMSIS/Core/Include
  D:/Keil_v5/ARM/Packs/Keil/STM32F1xx_DFP/2.4.1/Device/Include

<h2>Collection of Component Files used:</h2>

   * Component: ARM::CMSIS:CORE@6.1.0
Build Time Elapsed:  00:00:01
</pre>
</body>
</html>
