<html>
<body>
<pre>
<h1>礦ision Build Log</h1>
<h2>Tool Versions:</h2>
IDE-Version: μVision V5.41.0.0
Copyright (C) 2024 ARM Ltd and ARM Germany GmbH. All rights reserved.
License Information: 1 liqian, 1, LIC=47GU5-GEAU5-X74RZ-J2Y9K-GI9FI-9W55X
 
Tool Versions:
Toolchain:       MDK-ARM Plus  Version: 5.41.0.0
Toolchain Path:  D:\Keil_v5\ARM\ARMCC\Bin
C Compiler:      Armcc.exe V5.06 update 7 (build 960)
Assembler:       Armasm.exe V5.06 update 7 (build 960)
Linker/Locator:  ArmLink.exe V5.06 update 7 (build 960)
Library Manager: ArmAr.exe V5.06 update 7 (build 960)
Hex Converter:   FromElf.exe V5.06 update 7 (build 960)
CPU DLL:         SARMCM3.DLL V5.41.0.0
Dialog DLL:      DCM.DLL V1.17.5.0
Target DLL:      Segger\JL2CM3.dll V2.99.45.0
Dialog DLL:      TCM.DLL V1.56.4.0
 
<h2>Project:</h2>
D:\opencv1-master\stm32-AHT20-master-oled\stm32-AHT20-master-上位机\stm32-AHT20-master-上位机\Project\BH-F103(1).uvprojx
Project File Date:  12/14/2024

<h2>Output:</h2>
*** Using Compiler 'V5.06 update 7 (build 960)', folder: 'D:\Keil_v5\ARM\ARMCC\Bin'
Rebuild target 'Target 1'
assembling startup_stm32f10x_md.s...
compiling stm32f10x_cec.c...
compiling stm32f10x_bkp.c...
compiling stm32f10x_dac.c...
compiling core_cm3.c...
compiling misc.c...
compiling stm32f10x_flash.c...
compiling system_stm32f10x.c...
compiling stm32f10x_crc.c...
compiling stm32f10x_dbgmcu.c...
compiling stm32f10x_dma.c...
compiling stm32f10x_exti.c...
compiling stm32f10x_adc.c...
compiling stm32f10x_fsmc.c...
compiling stm32f10x_can.c...
compiling stm32f10x_gpio.c...
compiling stm32f10x_i2c.c...
compiling stm32f10x_pwr.c...
compiling stm32f10x_iwdg.c...
compiling stm32f10x_rcc.c...
compiling stm32f10x_rtc.c...
compiling stm32f10x_sdio.c...
compiling stm32f10x_wwdg.c...
compiling stm32f10x_it.c...
compiling stm32f10x_spi.c...
compiling delay.c...
compiling stm32f10x_usart.c...
compiling main.c...
compiling bsp_i2c.c...
..\User\myiic\bsp_i2c.c(379): warning:  #223-D: function "GUI_ShowCHinese" declared implicitly
  	GUI_ShowCHinese(16,00,16,"温湿度显示",1);
..\User\myiic\bsp_i2c.c(381): warning:  #223-D: function "GUI_ShowString" declared implicitly
  	GUI_ShowString(53,20,strTemp,16,1);
..\User\myiic\bsp_i2c.c: 2 warnings, 0 errors
compiling stm32f10x_tim.c...
compiling sys.c...
compiling usart.c...
compiling oled.c...
compiling spi.c...
compiling test.c...
compiling gui.c...
linking...
Program Size: Code=9660 RO-data=4588 RW-data=108 ZI-data=2308  
FromELF: creating hex file...
".\Objects\BH-F103.axf" - 0 Error(s), 2 Warning(s).

<h2>Software Packages used:</h2>

Package Vendor: Keil
                https://www.keil.com/pack/Keil.STM32F1xx_DFP.2.4.1.pack
                Keil::STM32F1xx_DFP@2.4.1
                STMicroelectronics STM32F1 Series Device Support, Drivers and Examples

<h2>Collection of Component include folders:</h2>
  D:/Keil_v5/ARM/Packs/Keil/STM32F1xx_DFP/2.4.1/Device/Include

<h2>Collection of Component Files used:</h2>
Build Time Elapsed:  00:00:03
</pre>
</body>
</html>
